Learning Objectives:-
Create the cron job in the cluster
Allow the cron job to run successfully

Problem Statement:-
Your company has a simple data cleanup process that is run periodically for maintenance purposes. They would like to stop doing this manually in order to save time, so you have been asked to implement a cron job in the Kubernetes cluster to run this process. Create a cron job called cleanup-cronjob using the linuxacademycontent/data-cleanup:1 image. Have the job run every minute with the following cron expression: */1 * * * *.


=============================================================================================================================================================
$ vi cleanup-cronjob.yml
apiVersion: batch/v1beta1
kind: CronJob
metadata:
  name: cleanup-cronjob
spec:
  schedule: "*/1 * * * *"
  concurrencyPolicy: Forbid
  successfulJobsHistoryLimit: 1
  failedJobsHistoryLimit: 1
  jobTemplate:
    spec:
      template:
        spec:
          containers:
          - name: cleanup-ctr
            image: linuxacademycontent/data-cleanup:1
          restartPolicy: OnFailure
    

$ kubectl create -f cleanup-cronjob.yml
$ kubectl get cronjobs
$ kubectl get pods

$ kubectl get jobs --watch
NAME                         COMPLETIONS   DURATION   AGE
cleanup-cronjob-1590997800   0/1                      0s
cleanup-cronjob-1590997800   0/1           0s         0s
cleanup-cronjob-1590997800   1/1           4s         4s
cleanup-cronjob-1590997860   0/1                      0s
cleanup-cronjob-1590997860   0/1           0s         0s
cleanup-cronjob-1590997860   1/1           2s         2s
cleanup-cronjob-1590997800   1/1           4s         70s

$ kubectl describe cronjob cleanup-cronjob
Name:                          cleanup-cronjob
Namespace:                     default
Labels:                        <none>
Annotations:                   <none>
Schedule:                      */1 * * * *
Concurrency Policy:            Forbid
Suspend:                       False
Successful Job History Limit:  824638190696
Failed Job History Limit:      1
Starting Deadline Seconds:     <unset>
Selector:                      <unset>
Parallelism:                   <unset>
Completions:                   <unset>
Pod Template:
  Labels:  <none>
  Containers:
   cleanup-ctr:
    Image:           linuxacademycontent/data-cleanup:1
    Port:            <none>
    Host Port:       <none>
    Environment:     <none>
    Mounts:          <none>
  Volumes:           <none>
Last Schedule Time:  Mon, 01 Jun 2020 07:51:00 +0000
Active Jobs:         <none>
Events:
  Type    Reason            Age   From                Message
  ----    ------            ----  ----                -------
  Normal  SuccessfulCreate  87s   cronjob-controller  Created job cleanup-cronjob-1590997800
  Normal  SawCompletedJob   77s   cronjob-controller  Saw completed job: cleanup-cronjob-1590997800, status: Complete
  Normal  SuccessfulCreate  27s   cronjob-controller  Created job cleanup-cronjob-1590997860
  Normal  SawCompletedJob   17s   cronjob-controller  Saw completed job: cleanup-cronjob-1590997860, status: Complete
  Normal  SuccessfulDelete  17s   cronjob-controller  Deleted job cleanup-cronjob-1590997800cademycontent/data-cleanup:1